// Jest Snapshot v1, https://goo.gl/fbAQLP

exports[`tests in <RealExampleUseRef /> should match with the snapshot 1`] = `
<Fragment>
  <h1>
    useRef
  </h1>
  <hr />
  <button
    className="btn btn-primary mt-5"
    onClick={[Function]}
  >
    show/hide
  </button>
</Fragment>
`;
