// Jest Snapshot v1, https://goo.gl/fbAQLP

exports[`Testing to <HooksApp /> should match with the snapshot 1`] = `
<Fragment>
  <h1>
    Hello world
  </h1>
</Fragment>
`;
